MakeConcreteConstraint [term=|1|]
MakeConcreteConstraint [term=|2|]
MakeConcreteConstraint [term=|2|]
MakeConcreteConstraint [term=|y|]
|1|<:|x|
|1|=integer
|2|<:|y|
|2|<:|y|
|2|=integer
|2|=integer
|x = y|=|x|
|x|=|x|
|y = 2|=|y|
|y|<:|x|
|y|=|y|
|y|=|y|
