CheckArity(ret(|Array|))
CheckArity(ret(|Array|))
Elem(|a|)=|a[0]|
Elem(|b|)=|b[0]|
MakeConcreteConstraint [term=|"bar"|]
MakeConcreteConstraint [term=|"foo"|]
MakeConcreteConstraint [term=|3|]
MakeConcreteConstraint [term=|3|]
MakeConcreteConstraint [term=|b[0]|]
MakeConcreteConstraint [term=|new Array("foo", "bar")|]
MakeConcreteConstraint [term=|new Array(3)|]
TP(Array)=Elem(ret(prop(ret(|Array|),concat)))
TP(Array)=Elem(ret(prop(ret(|Array|),concat)))
TP(Array)=Elem(ret(prop(ret(|Array|),concat)))
TP(Array)=Elem(ret(prop(ret(|Array|),concat)))
TP(Array)=Elem(ret(prop(ret(|Array|),concat)))
TP(Array)=Elem(ret(prop(ret(|Array|),concat)))
TP(Array)=Elem(ret(prop(ret(|Array|),concat)))
TP(Array)=Elem(ret(prop(ret(|Array|),concat)))
TP(Array)=Elem(ret(prop(ret(|Array|),concat)))
TP(Array)=Elem(ret(prop(ret(|Array|),concat)))
TP(Array)=Elem(ret(prop(ret(|Array|),concat)))
TP(Array)=Elem(ret(prop(ret(|Array|),concat)))
TP(Array)=Elem(ret(prop(ret(|Array|),reverse)))
TP(Array)=Elem(ret(prop(ret(|Array|),reverse)))
TP(Array)=Elem(ret(prop(ret(|Array|),reverse)))
TP(Array)=Elem(ret(prop(ret(|Array|),reverse)))
TP(Array)=Elem(ret(prop(ret(|Array|),reverse)))
TP(Array)=Elem(ret(prop(ret(|Array|),reverse)))
TP(Array)=Elem(ret(prop(ret(|Array|),reverse)))
TP(Array)=Elem(ret(prop(ret(|Array|),reverse)))
TP(Array)=Elem(ret(prop(ret(|Array|),reverse)))
TP(Array)=Elem(ret(prop(ret(|Array|),reverse)))
TP(Array)=Elem(ret(prop(ret(|Array|),reverse)))
TP(Array)=Elem(ret(prop(ret(|Array|),reverse)))
TP(Array)=Elem(ret(|Array|))
TP(Array)=Elem(ret(|Array|))
TP(Array)=Elem(ret(|Array|))
TP(Array)=Elem(ret(|Array|))
TP(Array)=Elem(ret(|Array|))
TP(Array)=Elem(ret(|Array|))
TP(Array)=Elem(ret(|Array|))
TP(Array)=Elem(ret(|Array|))
TP(Array)=Elem(ret(|Array|))
TP(Array)=Elem(ret(|Array|))
TP(Array)=Elem(ret(|Array|))
TP(Array)=Elem(ret(|Array|))
TP(Array)=Elem(ret(|Array|))
TP(Array)=Elem(ret(|Array|))
TP(Array)=Elem(ret(|Array|))
TP(Array)=Elem(ret(|Array|))
TP(Array)=Elem(ret(|Array|))
TP(Array)=Elem(ret(|Array|))
TP(Array)=Elem(ret(|Array|))
TP(Array)=Elem(ret(|Array|))
TP(Array)=Elem(ret(|Array|))
TP(Array)=Elem(ret(|Array|))
TP(Array)=Elem(ret(|Array|))
TP(Array)=Elem(ret(|Array|))
TP(Array)=param(prop(ret(|Array|),push),0)
TP(Array)=param(prop(ret(|Array|),push),0)
TP(Array)=param(prop(ret(|Array|),push),0)
TP(Array)=param(prop(ret(|Array|),push),0)
TP(Array)=param(prop(ret(|Array|),push),0)
TP(Array)=param(prop(ret(|Array|),push),0)
TP(Array)=param(prop(ret(|Array|),push),0)
TP(Array)=param(prop(ret(|Array|),push),0)
TP(Array)=param(prop(ret(|Array|),push),0)
TP(Array)=param(prop(ret(|Array|),push),0)
TP(Array)=param(prop(ret(|Array|),push),0)
TP(Array)=param(prop(ret(|Array|),push),0)
TP(Array)=param(|Array|,0)
TP(Array)=param(|Array|,0)
TP(Array)=param(|Array|,0)
TP(Array)=param(|Array|,0)
TP(Array)=param(|Array|,1)
TP(Array)=param(|Array|,1)
TP(Array)=param(|Array|,1)
TP(Array)=param(|Array|,1)
TP(Array)=ret(prop(ret(|Array|),pop))
TP(Array)=ret(prop(ret(|Array|),pop))
TP(Array)=ret(prop(ret(|Array|),pop))
TP(Array)=ret(prop(ret(|Array|),pop))
TP(Array)=ret(prop(ret(|Array|),pop))
TP(Array)=ret(prop(ret(|Array|),pop))
TP(Array)=ret(prop(ret(|Array|),pop))
TP(Array)=ret(prop(ret(|Array|),pop))
TP(Array)=ret(prop(ret(|Array|),pop))
TP(Array)=ret(prop(ret(|Array|),pop))
TP(Array)=ret(prop(ret(|Array|),pop))
TP(Array)=ret(prop(ret(|Array|),pop))
TP(Array)=ret(prop(ret(|Array|),shift))
TP(Array)=ret(prop(ret(|Array|),shift))
TP(Array)=ret(prop(ret(|Array|),shift))
TP(Array)=ret(prop(ret(|Array|),shift))
TP(Array)=ret(prop(ret(|Array|),shift))
TP(Array)=ret(prop(ret(|Array|),shift))
TP(Array)=ret(prop(ret(|Array|),shift))
TP(Array)=ret(prop(ret(|Array|),shift))
TP(Array)=ret(prop(ret(|Array|),shift))
TP(Array)=ret(prop(ret(|Array|),shift))
TP(Array)=ret(prop(ret(|Array|),shift))
TP(Array)=ret(prop(ret(|Array|),shift))
|"bar"|<:param(|Array|,1)
|"bar"|=string
|"foo"|<:param(|Array|,0)
|"foo"|=string
|0|=Key(|a|)
|0|=Key(|b|)
|0|=integer
|0|=integer
|3|<:param(|Array|,0)
|3|<:|a[0]|
|3|=integer
|3|=integer
|Array|<:ctor<0>[X2](X0) -> X1
|Array|<:ctor<0>[X6](X3,X4) -> X5
|Array|=|Array|
|Array|=|Array|
|a[0] = 3|=|a[0]|
|a|=|a|
|b[0]|<:|c|
|b|=|b|
|new Array("foo", "bar")|<:|b|
|new Array("foo", "bar")|=ret(|Array|)
|new Array(3)|<:|a|
|new Array(3)|=ret(|Array|)
