CheckArity(ret(|i.toString|))
CheckArity(ret(|i.toString|))
CheckArity(ret(|printInt|))
Elem(|X|)=|X[i.toString()]|
Elem(|X|)=|X[i.toString(16)]|
MakeConcreteConstraint [term=|0|]
MakeConcreteConstraint [term=|10|]
MakeConcreteConstraint [term=|16|]
MakeConcreteConstraint [term=|1|]
MakeConcreteConstraint [term=|c|]
MakeConcreteConstraint [term=|i|]
MakeConcreteConstraint [term=|i|]
MakeConcreteConstraint [term=|i|]
MakeConcreteConstraint [term=|n|]
MakeConcreteConstraint [term=|{}|]
|0|<:|c|
|0|=integer
|0|=integer
|10|<:|n|
|10|=integer
|16|<:param(|i.toString|,0)
|16|=integer
|1|<:|i|
|1|=integer
|X[i.toString(16)] = i|=|X[i.toString(16)]|
|X|=|X|
|X|=|X|
|c++|=op(|c|++)
|c|<:param(|printInt|,0)
|c|=|c|
|c|=|c|
|i <= n|=op(|i|<=|n|)
|i = 1|=|i|
|i = n|=|i|
|i > 0|=op(|i|>|0|)
|i++|=op(|i|++)
|i--|=op(|i|--)
|i.toString()|=Key(|X|)
|i.toString()|=ret(|i.toString|)
|i.toString(16)|=Key(|X|)
|i.toString(16)|=ret(|i.toString|)
|i.toString|=prop(|i|,toString)
|i.toString|=prop(|i|,toString)
|i|<:|X[i.toString(16)]|
|i|=|i|
|i|=|i|
|i|=|i|
|i|=|i|
|i|=|i|
|i|=|i|
|i|=|i|
|i|=|i|
|i|=|i|
|n|<:|i|
|n|=|n|
|n|=|n|
|printInt(c)|=ret(|printInt|)
|printInt|=|printInt|
|{}|<:|X|
