CheckArity(ret(|o.run|))
MakeConcreteConstraint [term=|2|]
MakeConcreteConstraint [term=|3|]
MakeConcreteConstraint [term=|count|]
MakeConcreteConstraint [term=|method <anonymous>|]
MakeConcreteConstraint [term=|o|]
MakeConcreteConstraint [term=|{a1: 2}|]
MakeConcreteConstraint [term=|{v1: {a1: 2}, run: function() {
  this.v1.a1 = count;
}}|]
ret(|method <anonymous>|)=void
ret(|method <anonymous>|)=void
|2|<:prop(|{a1: 2}|,a1)
|2|=integer
|3|<:|count|
|3|=integer
|count|<:prop(|this.v1|,a1)
|count|=|count|
|method <anonymous>|<:prop(|{v1: {a1: 2}, run: function() {
  this.v1.a1 = count;
}}|,run)
|o.run()|=ret(|o.run|)
|o.run|=prop(|o|,run)
|o|=|o|
|this.v1.a1 = count|=prop(|this.v1|,a1)
|this.v1.a1|=prop(|this.v1|,a1)
|this.v1|=prop(|this|,v1)
|this|=receiver(|method <anonymous>|)
|this|=|this|
|{a1: 2}|<:prop(|{v1: {a1: 2}, run: function() {
  this.v1.a1 = count;
}}|,v1)
|{v1: {a1: 2}, run: function() {
  this.v1.a1 = count;
}}|<:|o|
